2026-06-24T11:23:16Z INF Thank you for trying Cloudflare Tunnel. Doing so, without a Cloudflare account, is a quick way to experiment and try it out. However, be aware that these account-less Tunnels have no uptime guarantee, are subject to the Cloudflare Online Services Terms of Use (https://www.cloudflare.com/website-terms/), and Cloudflare reserves the right to investigate your use of Tunnels for violations of such terms. If you intend to use Tunnels in production you should use a pre-created named tunnel by following: https://developers.cloudflare.com/cloudflare-one/connections/connect-apps
2026-06-24T11:23:16Z INF Requesting new quick Tunnel on trycloudflare.com...
2026-06-24T11:23:22Z INF +--------------------------------------------------------------------------------------------+
2026-06-24T11:23:22Z INF |  Your quick Tunnel has been created! Visit it at (it may take some time to be reachable):  |
2026-06-24T11:23:22Z INF |  https://oasis-explosion-amplifier-rent.trycloudflare.com                                  |
2026-06-24T11:23:22Z INF +--------------------------------------------------------------------------------------------+
2026-06-24T11:23:22Z INF Cannot determine default configuration path. No file [config.yml config.yaml] in [~/.cloudflared ~/.cloudflare-warp ~/cloudflare-warp]
2026-06-24T11:23:22Z INF Version 2026.6.1 (Checksum 5253e66f1f493c4e13539749f1aa86fd0c61e3072900fec29a44ba046a6d97e2)
2026-06-24T11:23:22Z INF GOOS: windows, GOVersion: go1.26.4, GoArch: amd64
2026-06-24T11:23:22Z INF Settings: map[ha-connections:1 no-autoupdate:true protocol:quic url:http://localhost:3000]
2026-06-24T11:23:22Z INF cloudflared will not automatically update on Windows systems.
2026-06-24T11:23:22Z INF Generated Connector ID: 2afc0e2d-e820-4747-9d04-e9fa32a64ad4
2026-06-24T11:23:22Z INF Initial protocol quic
2026-06-24T11:23:22Z INF ICMP proxy will use 172.27.228.174 as source for IPv4
2026-06-24T11:23:23Z INF ICMP proxy will use 2409:40d4:121:69cc:1cf0:6368:e3c9:f972 in zone Wi-Fi as source for IPv6
2026-06-24T11:23:23Z INF cloudflared does not support loading the system root certificate pool on Windows. Please use --origin-ca-pool <PATH> to specify the path to the certificate pool
2026-06-24T11:23:23Z INF ICMP proxy will use 172.27.228.174 as source for IPv4
2026-06-24T11:23:23Z INF Tunnel connection curve preferences: [X25519MLKEM768 CurveID(65074) CurveP256] connIndex=0 event=0 ip=2606:4700:a8::4
2026-06-24T11:23:23Z INF ICMP proxy will use 2409:40d4:121:69cc:1cf0:6368:e3c9:f972 in zone Wi-Fi as source for IPv6
2026-06-24T11:23:23Z INF Starting metrics server on 127.0.0.1:20241/metrics
2026-06-24T11:23:23Z INF +-------------------------------------------------------------------------------------+
2026-06-24T11:23:23Z INF |                               CONNECTIVITY PRE-CHECKS                               |
2026-06-24T11:23:23Z INF +-------------------------------------------------------------------------------------+
2026-06-24T11:23:23Z INF |  COMPONENT         TARGET                     STATUS  DETAILS                       |
2026-06-24T11:23:23Z INF |  DNS Resolution    region1.v2.argotunnel.com  PASS    DNS Resolved successfully     |
2026-06-24T11:23:23Z INF |  DNS Resolution    region2.v2.argotunnel.com  PASS    DNS Resolved successfully     |
2026-06-24T11:23:23Z INF |  UDP Connectivity  region1.v2.argotunnel.com  PASS    QUIC connection successful    |
2026-06-24T11:23:23Z INF |  UDP Connectivity  region2.v2.argotunnel.com  PASS    QUIC connection successful    |
2026-06-24T11:23:23Z INF |  TCP Connectivity  region1.v2.argotunnel.com  PASS    HTTP/2 connection successful  |
2026-06-24T11:23:23Z INF |  TCP Connectivity  region2.v2.argotunnel.com  PASS    HTTP/2 connection successful  |
2026-06-24T11:23:23Z INF |  Cloudflare API    api.cloudflare.com:443     PASS    API is reachable              |
2026-06-24T11:23:23Z INF |                                                                                     |
2026-06-24T11:23:23Z INF |  SUMMARY: Environment is healthy. cloudflared will use 'quic' as primary protocol.  |
2026-06-24T11:23:23Z INF +-------------------------------------------------------------------------------------+
2026-06-24T11:23:23Z INF precheck component="DNS Resolution" details="DNS Resolved successfully" run_id=070fff98-5cdf-4327-971f-dc543d7d5b20 status=pass target=region1.v2.argotunnel.com
2026-06-24T11:23:23Z INF precheck component="DNS Resolution" details="DNS Resolved successfully" run_id=070fff98-5cdf-4327-971f-dc543d7d5b20 status=pass target=region2.v2.argotunnel.com
2026-06-24T11:23:23Z INF precheck component="UDP Connectivity" details="QUIC connection successful" run_id=070fff98-5cdf-4327-971f-dc543d7d5b20 status=pass target=region1.v2.argotunnel.com
2026-06-24T11:23:23Z INF precheck component="UDP Connectivity" details="QUIC connection successful" run_id=070fff98-5cdf-4327-971f-dc543d7d5b20 status=pass target=region2.v2.argotunnel.com
2026-06-24T11:23:23Z INF precheck component="TCP Connectivity" details="HTTP/2 connection successful" run_id=070fff98-5cdf-4327-971f-dc543d7d5b20 status=pass target=region1.v2.argotunnel.com
2026-06-24T11:23:23Z INF precheck component="TCP Connectivity" details="HTTP/2 connection successful" run_id=070fff98-5cdf-4327-971f-dc543d7d5b20 status=pass target=region2.v2.argotunnel.com
2026-06-24T11:23:23Z INF precheck component="Cloudflare API" details="API is reachable" run_id=070fff98-5cdf-4327-971f-dc543d7d5b20 status=pass target=api.cloudflare.com:443
2026-06-24T11:23:23Z INF precheck complete hard_fail=false run_id=070fff98-5cdf-4327-971f-dc543d7d5b20 suggested_protocol=quic
2026-06-24T11:23:23Z INF Registered tunnel connection connIndex=0 connection=ac37cc85-d7ee-40c6-8ec6-9e345668facf event=0 ip=2606:4700:a8::4 location=del03 protocol=quic
2026-06-24T11:28:32Z ERR Failed to refresh DNS local resolver error="lookup region1.v2.argotunnel.com: i/o timeout"
2026-06-24T12:13:46Z ERR Failed to refresh DNS local resolver error="lookup region1.v2.argotunnel.com: i/o timeout"
2026-06-24T12:25:57Z ERR failed to run the datagram handler error="timeout: no recent network activity" connIndex=0 event=0 ip=2606:4700:a8::4
2026-06-24T12:25:57Z ERR failed to accept incoming stream requests error="failed to accept QUIC stream: timeout: no recent network activity" connIndex=0 event=0 ip=2606:4700:a8::4
2026-06-24T12:25:58Z ERR failed to serve tunnel connection error="accept stream listener encountered a failure while serving" connIndex=0 event=0 ip=2606:4700:a8::4
2026-06-24T12:25:58Z ERR Serve tunnel error error="accept stream listener encountered a failure while serving" connIndex=0 event=0 ip=2606:4700:a8::4
2026-06-24T12:25:58Z INF Retrying connection in up to 1s connIndex=0 event=0 ip=2606:4700:a8::4
2026-06-24T12:26:00Z INF Tunnel connection curve preferences: [X25519MLKEM768 CurveID(65074) CurveP256] connIndex=0 event=0 ip=2606:4700:a8::4
2026-06-24T12:26:03Z INF Registered tunnel connection connIndex=0 connection=dc37e1ff-d8a3-4618-8eaf-d3bd854cfdde event=0 ip=2606:4700:a8::4 location=del03 protocol=quic
2026-06-24T12:38:58Z ERR Failed to refresh DNS local resolver error="lookup region1.v2.argotunnel.com: i/o timeout"
2026-06-24T12:53:10Z ERR failed to run the datagram handler error="timeout: no recent network activity" connIndex=0 event=0 ip=2606:4700:a8::4
2026-06-24T12:53:10Z ERR failed to accept incoming stream requests error="failed to accept QUIC stream: timeout: no recent network activity" connIndex=0 event=0 ip=2606:4700:a8::4
2026-06-24T12:53:10Z ERR failed to serve tunnel connection error="datagram manager encountered a failure while serving" connIndex=0 event=0 ip=2606:4700:a8::4
2026-06-24T12:53:10Z ERR Serve tunnel error error="datagram manager encountered a failure while serving" connIndex=0 event=0 ip=2606:4700:a8::4
2026-06-24T12:53:10Z INF Retrying connection in up to 1s connIndex=0 event=0 ip=2606:4700:a8::4
2026-06-24T12:53:12Z INF Tunnel connection curve preferences: [X25519MLKEM768 CurveID(65074) CurveP256] connIndex=0 event=0 ip=2606:4700:a8::4
2026-06-24T12:53:17Z INF Registered tunnel connection connIndex=0 connection=c7cc3f85-d0a8-4b03-8daa-9c0372644f15 event=0 ip=2606:4700:a8::4 location=del03 protocol=quic
2026-06-24T12:57:17Z ERR failed to accept incoming stream requests error="failed to accept QUIC stream: timeout: no recent network activity" connIndex=0 event=0 ip=2606:4700:a8::4
2026-06-24T12:57:17Z ERR failed to run the datagram handler error="timeout: no recent network activity" connIndex=0 event=0 ip=2606:4700:a8::4
2026-06-24T12:57:17Z ERR failed to serve tunnel connection error="accept stream listener encountered a failure while serving" connIndex=0 event=0 ip=2606:4700:a8::4
2026-06-24T12:57:17Z ERR Serve tunnel error error="accept stream listener encountered a failure while serving" connIndex=0 event=0 ip=2606:4700:a8::4
2026-06-24T12:57:17Z INF Retrying connection in up to 1s connIndex=0 event=0 ip=2606:4700:a8::4
2026-06-24T12:57:17Z INF Tunnel connection curve preferences: [X25519MLKEM768 CurveID(65074) CurveP256] connIndex=0 event=0 ip=2606:4700:a8::4
2026-06-24T12:57:18Z INF Registered tunnel connection connIndex=0 connection=a06466da-a9ff-4e4a-923a-7da4dee9a823 event=0 ip=2606:4700:a8::4 location=del03 protocol=quic
2026-06-24T12:59:06Z ERR Failed to refresh DNS local resolver error="lookup region1.v2.argotunnel.com: i/o timeout"
2026-06-24T14:00:20Z ERR failed to accept incoming stream requests error="failed to accept QUIC stream: timeout: no recent network activity" connIndex=0 event=0 ip=2606:4700:a8::4
2026-06-24T14:00:20Z ERR failed to run the datagram handler error="timeout: no recent network activity" connIndex=0 event=0 ip=2606:4700:a8::4
2026-06-24T14:00:21Z ERR failed to serve tunnel connection error="datagram manager encountered a failure while serving" connIndex=0 event=0 ip=2606:4700:a8::4
2026-06-24T14:00:21Z ERR Serve tunnel error error="datagram manager encountered a failure while serving" connIndex=0 event=0 ip=2606:4700:a8::4
2026-06-24T14:00:21Z INF Retrying connection in up to 1s connIndex=0 event=0 ip=2606:4700:a8::4
2026-06-24T14:00:21Z INF Tunnel connection curve preferences: [X25519MLKEM768 CurveID(65074) CurveP256] connIndex=0 event=0 ip=2606:4700:a8::4
2026-06-24T14:00:24Z INF Registered tunnel connection connIndex=0 connection=9596cb86-0728-4cda-951f-3ca8b99229f8 event=0 ip=2606:4700:a8::4 location=del03 protocol=quic
2026-06-24T14:04:32Z ERR Failed to refresh DNS local resolver error="lookup region1.v2.argotunnel.com: i/o timeout"
2026-06-24T14:09:37Z ERR Failed to refresh DNS local resolver error="lookup region1.v2.argotunnel.com: i/o timeout"
